[enjin.io/index.html]
[backblue.gif]
[fade.gif]
[index.html]
[enjin.io/get-started.html]
[enjin.io/platform.html]
[enjin.io/wallet.html]
[enjin.io/marketplace.html]
[enjin.io/beam.html]
[enjin.io/powered-by-enjin.html]
[enjin.io/about/press-kit.html]
[enjin.io/about/why-enjin.html]
[enjin.io/about/company.html]
[enjin.io/about/careers.html]
[enjin.io/contact/contact.html]
[enjin.io/powered-by-enjin/azure-heroes.html]
[enjin.io/powered-by-enjin/lost-relics.html]
[enjin.io/powered-by-enjin/binance-collectibles.html]
[enjin.io/powered-by-enjin/9lives-arena.html]
[enjin.io/powered-by-enjin/age-of-rust.html]
[enjin.io/powered-by-enjin/bitcoin-hodler.html]
[enjin.io/powered-by-enjin/space-misfits.html]
[enjin.io/about/timeline.html]
[enjin.io/landing/newsletter.html]
[enjin.io/support/contact.html]
[enjin.io/about/enjin-coin.html]
[enjin.io/legal/terms-of-service.html]
[enjin.io/index.html]
[enjin.io/legal/privacy-policy.html]
[enjin.io/get-started.html]
[enjin.io/multiverse.html]
[enjin.io/sdk/unity-blockchain-sdk.html]
[enjin.io/sdk/blockchain-sdk-for-java.html]
[enjin.io/powered-by-enjin/forest-knight.html]
[enjin.io/powered-by-enjin/grasshopper-farm.html]
[enjin.io/powered-by-enjin/cryptonom.html]
[enjin.io/powered-by-enjin/mymetaverse.html]
[enjin.io/powered-by-enjin/doctor-necrosis.html]
[enjin.io/powered-by-enjin/nestables.html]
[enjin.io/platformb30f.html]
[enjin.io/platform.html]
[enjin.io/wallet.html]
[enjin.io/marketplace.html]
[enjin.io/beam.html]
[enjin.io/powered-by-enjin/the-six-dragons.html]
[enjin.io/powered-by-enjin/war-of-crypta.html]
[enjin.io/powered-by-enjinda4a.html]
[enjin.io/powered-by-enjin.html]
[enjin.io/plugin/enjincraft.html]
[enjin.io/about/erc-1155.html]
[enjin.io/about/press-kit.html]
[enjin.io/about/why-enjin.html]
[enjin.io/about/company.html]
[enjin.io/careers/front-end-developer.html]
[enjin.io/careers/full-stack-developer-blockchain.html]
[enjin.io/careers/laravel-developer.html]
[enjin.io/about/careers.html]
[enjin.io/contact/contact.html]
[enjin.io/powered-by-enjin/azure-heroes.html]
[enjin.io/powered-by-enjin/lost-relics.html]
[enjin.io/powered-by-enjin/binance-collectibles.html]
[enjin.io/powered-by-enjin/9lives-arena.html]
[enjin.io/powered-by-enjin/age-of-rust.html]
[enjin.io/powered-by-enjin/bitcoin-hodler.html]
[enjin.io/powered-by-enjin/space-misfits.html]
[enjin.io/powered-by-enjin/ether-legends.html]
[enjin.io/merch.html]
[enjin.io/envoy.html]
[enjin.io/powered-by-enjin/alterverse.html]
[enjin.io/about/timeline.html]
[enjin.io/landing/newsletter.html]
[enjin.io/support/contact.html]
[enjin.io/about/enjin-coin.html]
[enjin.io/legal/terms-of-service.html]
[enjin.io/legal/privacy-policy.html]
[enjin.io/legal/cookies-policy.html]
[enjin.io/multiverse.html]
[enjin.io/sdk/unity-blockchain-sdk.html]
[enjin.io/sdk/blockchain-sdk-for-java.html]
[enjin.io/powered-by-enjin/forest-knight.html]
[enjin.io/powered-by-enjin/grasshopper-farm.html]
[enjin.io/powered-by-enjin/cryptonom.html]
[enjin.io/powered-by-enjin/mymetaverse.html]
[enjin.io/powered-by-enjin/doctor-necrosis.html]
[enjin.io/powered-by-enjin/nestables.html]
[enjin.io/platform9b5e.html]
[enjin.io/platformb30f.html]
[enjin.io/powered-by-enjin/the-six-dragons.html]
[enjin.io/powered-by-enjin/war-of-crypta.html]
[enjin.io/powered-by-enjin2c62.html]
[enjin.io/powered-by-enjin6c6e.html]
[enjin.io/powered-by-enjinda4a.html]
[enjin.io/plugin/enjincraft.html]
[enjin.io/about/erc-1155.html]
[enjin.io/careers/front-end-developer.html]
[enjin.io/careers/full-stack-developer-blockchain.html]
[enjin.io/careers/laravel-developer.html]
[enjin.io/powered-by-enjin/ether-legends.html]
[enjin.io/merch-shop-all.html]
[enjin.io/category/accessories.html]
[enjin.io/category/wall-art.html]
[enjin.io/category/mugs.html]
[enjin.io/category/apparel.html]
[enjin.io/checkout.html]
[enjin.io/category/adopter-collection.html]
[enjin.io/product/enjin-mug.html]
[enjin.io/product/multiverse-t-shirt.html]
[enjin.io/product/enjin-laptop-sleeve.html]
[enjin.io/merch.html]
[enjin.io/envoy.html]
[enjin.io/powered-by-enjin/alterverse.html]
[enjin.io/legal/cookies-policy.html]
[enjin.io/platform9b5e.html]
[enjin.io/powered-by-enjin2c62.html]
[enjin.io/platform4d0f.html]
[enjin.io/powered-by-enjin6c6e.html]
[enjin.io/powered-by-enjin/forgotten-artifacts.html]
[enjin.io/powered-by-enjin4b1a.html]
[enjin.io/product/monolith-backpack.html]
[enjin.io/product/hodl-sticker.html]
[enjin.io/product/enjin-logo-t-shirt.html]
[enjin.io/product/lost-relics-t-shirt.html]
[enjin.io/product/donny-t-shirt.html]
[enjin.io/product/enjin-logo-sticker.html]
[enjin.io/product/hodl-t-shirt.html]
[enjin.io/product/ether-legends-t-shirt.html]
[enjin.io/product/enjin-hat.html]
[enjin.io/merch-shop-all3c34.html]
[enjin.io/merch-shop-all.html]
[enjin.io/product/mike-pillow.html]
[enjin.io/product/multiverse-iphone-case.html]
[enjin.io/product/forgehammer-samsung-case.html]
[enjin.io/product/to-the-stars-backpack.html]
[enjin.io/category/accessoriesb0b2.html]
[enjin.io/category/accessories.html]
[enjin.io/product/monolith-canvas-print.html]
[enjin.io/product/mike-canvas-print.html]
[enjin.io/product/efinity-canvas-print.html]
[enjin.io/product/mask-of-u-thuchul-canvas-print.html]
[enjin.io/category/wall-art.html]
[enjin.io/product/enjin-coin-mug.html]
[enjin.io/category/mugs.html]
[enjin.io/product/multiverse-mug.html]
[enjin.io/product/enjin-coin-unisex-hoodie.html]
[enjin.io/product/hodl-unisex-hoodie.html]
[enjin.io/category/apparel.html]
[enjin.io/checkout.html]
[enjin.io/category/apparelb0b2.html]
[enjin.io/product/9lives-arena-beanie.html]
[enjin.io/product/kingom-karnage-mug.html]
[enjin.io/product/paint-my-world-pillow.html]
[enjin.io/product/spirit-clash-t-shirt.html]
[enjin.io/product/age-of-rust-hoodie.html]
[enjin.io/category/adopter-collectionb0b2.html]
[enjin.io/category/adopter-collection.html]
[enjin.io/product/enjin-mug.html]
[enjin.io/product/multiverse-t-shirt.html]
[enjin.io/product/enjin-laptop-sleeve.html]
[enjin.io/platform-signup.html]
[enjin.io/sdk/godot-blockchain-sdk.html]
[enjin.io/platform4d0f.html]
[enjin.io/powered-by-enjin4b1a.html]
[enjin.io/product/monolith-backpack.html]
[enjin.io/product/hodl-sticker.html]
[enjin.io/product/enjin-logo-t-shirt.html]
[enjin.io/product/lost-relics-t-shirt.html]
[enjin.io/product/donny-t-shirt.html]
[enjin.io/product/enjin-logo-sticker.html]
[enjin.io/product/hodl-t-shirt.html]
[enjin.io/product/ether-legends-t-shirt.html]
[enjin.io/product/enjin-hat.html]
[enjin.io/product/the-six-dragons-t-shirt.html]
[enjin.io/product/forest-knight-t-shirt.html]
[enjin.io/product/nestables-sticker.html]
[enjin.io/product/mike-sticker.html]
[enjin.io/product/cryptonom-t-shirt.html]
[enjin.io/merch-shop-all3c34.html]
[enjin.io/product/mike-pillow.html]
[enjin.io/product/multiverse-iphone-case.html]
[enjin.io/product/forgehammer-samsung-case.html]
[enjin.io/product/to-the-stars-backpack.html]
[enjin.io/product/enjin-coin-sticker.html]
[enjin.io/category/accessoriesb0b2.html]
[enjin.io/product/monolith-canvas-print.html]
[enjin.io/product/mike-canvas-print.html]
[enjin.io/product/efinity-canvas-print.html]
[enjin.io/product/mask-of-u-thuchul-canvas-print.html]
[enjin.io/category/accessories7cc4.html]
[enjin.io/product/enjin-coin-mug.html]
[enjin.io/product/multiverse-mug.html]
[enjin.io/product/enjin-coin-unisex-hoodie.html]
[enjin.io/product/hodl-unisex-hoodie.html]
[enjin.io/product/multiverse-women-s-t-shirt.html]
[enjin.io/product/women-s-ethereum-enjin-t-shirt.html]
[enjin.io/product/enjin-beanie.html]
[enjin.io/product/donny-socks.html]
[enjin.io/category/apparelb0b2.html]
[enjin.io/product/9lives-arena-beanie.html]
[enjin.io/product/kingom-karnage-mug.html]
[enjin.io/product/paint-my-world-pillow.html]
[enjin.io/product/spirit-clash-t-shirt.html]
[enjin.io/product/age-of-rust-hoodie.html]
[enjin.io/category/apparel7cc4.html]
[enjin.io/product/grasshopper-farm-t-shirt.html]
[enjin.io/category/adopter-collectionb0b2.html]
[enjin.io/powered-by-enjin/war-of-ants.html]
[enjin.io/powered-by-enjin/paint-my-world.html]
[enjin.io/powered-by-enjin/kingdom-karnage.html]
[enjin.io/powered-by-enjin/shield-of-shalwend.html]
[enjin.io/powered-by-enjin/containment-corps.html]
[enjin.io/landing/enjin-multiverse-comic.html]
[enjin.io/landing/enjin-multiverse-catalog.html]
[enjin.io/platforme8be.html]
[enjin.io/product/the-six-dragons-t-shirt.html]
[enjin.io/product/forest-knight-t-shirt.html]
[enjin.io/product/nestables-sticker.html]
[enjin.io/product/mike-sticker.html]
[enjin.io/product/cryptonom-t-shirt.html]
[enjin.io/category/adopter-collection7cc4.html]
[enjin.io/product/enjin-coin-sticker.html]
[enjin.io/category/accessories7cc4.html]
[enjin.io/product/multiverse-women-s-t-shirt.html]
[enjin.io/product/women-s-ethereum-enjin-t-shirt.html]
[enjin.io/product/enjin-beanie.html]
[enjin.io/product/donny-socks.html]
[enjin.io/category/apparel7cc4.html]
[enjin.io/product/grasshopper-farm-t-shirt.html]
[enjin.io/category/adopter-collection7cc4.html]
[enjin.io/category/_https_/assets-global.website-files.com/5d56cb37dc00727a4f69850c/5f0527e612e2aa1c8a162b8e_5f04b34d196fc84669441833_mockup-92dd7191.html]
[enjin.io/category/_https_/assets-global.website-files.com/5d56cb37dc00727a4f69850c/5f052810783f0d4c28ade161_5f04b050c4cdef71a2ed5faf_mockup-662b2f1d.html]
[enjin.io/product/forgehammer-canvas-print.html]
[enjin.io/category/_https_/assets-global.website-files.com/5d56cb37dc00727a4f69850c/5f0527f9fe111ec0888040da_5f04b1de24ee9154feb22331_mockup-932354bd.html]
[enjin.io/category/_https_/assets-global.website-files.com/5d56cb37dc00727a4f69850c/5f0528053cd097c3e8915989_5f04b4224229e2656947b20c_mockup-0dc9b482.html]
[enjin.io/category/_https_/assets-global.website-files.com/5d56cb37dc00727a4f69850c/5f3d8455565701a38c1efdfe_adopter-merch-collection-1000px.html]
[enjin.io/merch-shop-all17c3.html]
[enjin.io/merch-shop-all43f2.html]
